// Jest Snapshot v1, https://goo.gl/fbAQLP

exports[`check if all component are rendered renders correctly  1`] = `
<div>
  <ul />
</div>
`;
